Welcome to the ENEE140 pseudo-random number generator!
1: Print RND_MAX
2: Generate uniformly-distributed positive integers
3: Generate uniformly-distributed positive integers, up to a given limit
4: Generate uniformly-distributed integers, from a given range
5: Generate uniformly-distributed floats, from a given range
6: Generate exponentially-distributed floats

Enter your choice (1-6):Select the algorithm to use.
Enter your choice (1-3):Select the seed for the random number generator:2147483647
Welcome to the ENEE140 pseudo-random number generator!
1: Print RND_MAX
2: Generate uniformly-distributed positive integers
3: Generate uniformly-distributed positive integers, up to a given limit
4: Generate uniformly-distributed integers, from a given range
5: Generate uniformly-distributed floats, from a given range
6: Generate exponentially-distributed floats

Enter your choice (1-6):Sorry, that is not a valid option
Enter your choice (1-6):Sorry, that is not a valid option
Enter your choice (1-6):You have entered 3 invalid options. Goodbye!