
Welcome to the ENEE140 pseudo-random number generator!
1: Print RND_MAX
2: Generate uniformly-distributed positive integers
3: Generate uniformly-distributed positive integers, up to a given limit
4: Generate uniformly-distributed integers, from a given range
5: Generate uniformly-distributed floats, from a given range
6: Generate exponentially-distributed floats

Enter your choice (1-6):
Select the algorithm to use.

Enter your choice (1-3):
Select the seed for the random number generator:
How many numbers should I generate:
Enter the minimum number to generate:
Enter the maximum number to generate: 722.84 423.51 441.90 651.90 884.65 15.93 607.50 657.37 113.39
