
Welcome to the ENEE140 pseudo-random number generator!
1: Print RND_MAX
2: Generate uniformly-distributed positive integers
3: Generate uniformly-distributed positive integers, up to a given limit
4: Generate uniformly-distributed integers, from a given range
5: Generate uniformly-distributed floats, from a given range
6: Generate exponentially-distributed floats

Enter your choice (1-6):
Select the algorithm to use.

Enter your choice (1-3):
Select the seed for the random number generator:
How many numbers should I generate:
Enter the mean of the distribution: 990.18 835.33 420.29 383.62 825.43 256.81 700.21 691.16 639.11 188.73
