
Welcome to the ENEE140 pseudo-random number generator!
1: Print RND_MAX
2: Generate uniformly-distributed positive integers
3: Generate uniformly-distributed positive integers, up to a given limit
4: Generate uniformly-distributed integers, from a given range
5: Generate uniformly-distributed floats, from a given range
6: Generate exponentially-distributed floats

Enter your choice (1-6): 
Select the algorithm to use.

Enter your choice (1-3): 
Select the seed for the random number generator: 
4294967295

Enter your choice (1-6): 
How many numbers should I generate: 2745024 3357800067 415139642 3884216597 3403800452 1030492215 752224798 1924036713 1766988168 3750785579 
